Archive member included to satisfy reference by file (symbol)

c:/program files (x86)/atollic/truestudio for stm32 9.0.1/armtools/bin/../lib/gcc/arm-atollic-eabi/6.3.1/../../../../arm-atollic-eabi/lib/armv6-m\libc_nano.a(lib_a-init.o)
                              startup\startup_stm32f030x8.o (__libc_init_array)
c:/program files (x86)/atollic/truestudio for stm32 9.0.1/armtools/bin/../lib/gcc/arm-atollic-eabi/6.3.1/../../../../arm-atollic-eabi/lib/armv6-m\libc_nano.a(lib_a-memcpy-stub.o)
                              Middlewares\Third_Party\FreeRTOS\Source\queue.o (memcpy)
c:/program files (x86)/atollic/truestudio for stm32 9.0.1/armtools/bin/../lib/gcc/arm-atollic-eabi/6.3.1/../../../../arm-atollic-eabi/lib/armv6-m\libc_nano.a(lib_a-memset.o)
                              Middlewares\Third_Party\FreeRTOS\Source\CMSIS_RTOS\cmsis_os.o (memset)
c:/program files (x86)/atollic/truestudio for stm32 9.0.1/armtools/bin/../lib/gcc/arm-atollic-eabi/6.3.1/armv6-m\libgcc.a(_udivsi3.o)
                              Drivers\STM32F0xx_HAL_Driver\Src\stm32f0xx_hal.o (__aeabi_uidiv)
c:/program files (x86)/atollic/truestudio for stm32 9.0.1/armtools/bin/../lib/gcc/arm-atollic-eabi/6.3.1/armv6-m\libgcc.a(_dvmd_tls.o)
                              c:/program files (x86)/atollic/truestudio for stm32 9.0.1/armtools/bin/../lib/gcc/arm-atollic-eabi/6.3.1/armv6-m\libgcc.a(_udivsi3.o) (__aeabi_idiv0)

Allocating common symbols
Common symbol       size              file

defaultTaskHandle   0x4               Src\main.o
uwTick              0x4               Drivers\STM32F0xx_HAL_Driver\Src\stm32f0xx_hal.o
xQueueRegistry      0x40              Middlewares\Third_Party\FreeRTOS\Source\queue.o
pFlash              0x20              Drivers\STM32F0xx_HAL_Driver\Src\stm32f0xx_hal_flash.o
huart2              0x70              Src\main.o

Discarded input sections

 .text          0x00000000        0x0 c:/program files (x86)/atollic/truestudio for stm32 9.0.1/armtools/bin/../lib/gcc/arm-atollic-eabi/6.3.1/armv6-m/crti.o
 .data          0x00000000        0x0 c:/program files (x86)/atollic/truestudio for stm32 9.0.1/armtools/bin/../lib/gcc/arm-atollic-eabi/6.3.1/armv6-m/crti.o
 .bss           0x00000000        0x0 c:/program files (x86)/atollic/truestudio for stm32 9.0.1/armtools/bin/../lib/gcc/arm-atollic-eabi/6.3.1/armv6-m/crti.o
 .data          0x00000000        0x4 c:/program files (x86)/atollic/truestudio for stm32 9.0.1/armtools/bin/../lib/gcc/arm-atollic-eabi/6.3.1/armv6-m/crtbegin.o
 .text          0x00000000        0x0 Drivers\STM32F0xx_HAL_Driver\Src\stm32f0xx_hal.o
 .data          0x00000000        0x0 Drivers\STM32F0xx_HAL_Driver\Src\stm32f0xx_hal.o
 .bss           0x00000000        0x0 Drivers\STM32F0xx_HAL_Driver\Src\stm32f0xx_hal.o
 .text.HAL_DeInit
                0x00000000       0x40 Drivers\STM32F0xx_HAL_Driver\Src\stm32f0xx_hal.o
 .text.HAL_MspInit
                0x00000000        0xa Drivers\STM32F0xx_HAL_Driver\Src\stm32f0xx_hal.o
 .text.HAL_MspDeInit
                0x00000000        0xa Drivers\STM32F0xx_HAL_Driver\Src\stm32f0xx_hal.o
 .text.HAL_Delay
                0x00000000       0x3a Drivers\STM32F0xx_HAL_Driver\Src\stm32f0xx_hal.o
 .text.HAL_SuspendTick
                0x00000000       0x1c Drivers\STM32F0xx_HAL_Driver\Src\stm32f0xx_hal.o
 .text.HAL_ResumeTick
                0x00000000       0x1c Drivers\STM32F0xx_HAL_Driver\Src\stm32f0xx_hal.o
 .text.HAL_GetHalVersion
                0x00000000       0x10 Drivers\STM32F0xx_HAL_Driver\Src\stm32f0xx_hal.o
 .text.HAL_GetREVID
                0x00000000       0x14 Drivers\STM32F0xx_HAL_Driver\Src\stm32f0xx_hal.o
 .text.HAL_GetDEVID
                0x00000000       0x18 Drivers\STM32F0xx_HAL_Driver\Src\stm32f0xx_hal.o
 .text.HAL_GetUIDw0
                0x00000000       0x14 Drivers\STM32F0xx_HAL_Driver\Src\stm32f0xx_hal.o
 .text.HAL_GetUIDw1
                0x00000000       0x14 Drivers\STM32F0xx_HAL_Driver\Src\stm32f0xx_hal.o
 .text.HAL_GetUIDw2
                0x00000000       0x14 Drivers\STM32F0xx_HAL_Driver\Src\stm32f0xx_hal.o
 .text.HAL_DBGMCU_EnableDBGStopMode
                0x00000000       0x1c Drivers\STM32F0xx_HAL_Driver\Src\stm32f0xx_hal.o
 .text.HAL_DBGMCU_DisableDBGStopMode
                0x00000000       0x1c Drivers\STM32F0xx_HAL_Driver\Src\stm32f0xx_hal.o
 .text.HAL_DBGMCU_EnableDBGStandbyMode
                0x00000000       0x1c Drivers\STM32F0xx_HAL_Driver\Src\stm32f0xx_hal.o
 .text.HAL_DBGMCU_DisableDBGStandbyMode
                0x00000000       0x1c Drivers\STM32F0xx_HAL_Driver\Src\stm32f0xx_hal.o
 .text          0x00000000        0x0 Drivers\STM32F0xx_HAL_Driver\Src\stm32f0xx_hal_cortex.o
 .data          0x00000000        0x0 Drivers\STM32F0xx_HAL_Driver\Src\stm32f0xx_hal_cortex.o
 .bss           0x00000000        0x0 Drivers\STM32F0xx_HAL_Driver\Src\stm32f0xx_hal_cortex.o
 .text.NVIC_EnableIRQ
                0x00000000       0x2c Drivers\STM32F0xx_HAL_Driver\Src\stm32f0xx_hal_cortex.o
 .text.NVIC_DisableIRQ
[...]
Memory Configuration

Name             Origin             Length             Attributes
RAM              0x20000000         0x00002000         xrw
FLASH            0x08000000         0x00010000         xr
*default*        0x00000000         0xffffffff

Linker script and memory map

LOAD c:/program files (x86)/atollic/truestudio for stm32 9.0.1/armtools/bin/../lib/gcc/arm-atollic-eabi/6.3.1/armv6-m/crti.o
LOAD c:/program files (x86)/atollic/truestudio for stm32 9.0.1/armtools/bin/../lib/gcc/arm-atollic-eabi/6.3.1/armv6-m/crtbegin.o
LOAD Drivers\STM32F0xx_HAL_Driver\Src\stm32f0xx_hal.o
LOAD Drivers\STM32F0xx_HAL_Driver\Src\stm32f0xx_hal_cortex.o
LOAD Drivers\STM32F0xx_HAL_Driver\Src\stm32f0xx_hal_dma.o
LOAD Drivers\STM32F0xx_HAL_Driver\Src\stm32f0xx_hal_flash.o
LOAD Drivers\STM32F0xx_HAL_Driver\Src\stm32f0xx_hal_flash_ex.o
LOAD Drivers\STM32F0xx_HAL_Driver\Src\stm32f0xx_hal_gpio.o
LOAD Drivers\STM32F0xx_HAL_Driver\Src\stm32f0xx_hal_i2c.o
LOAD Drivers\STM32F0xx_HAL_Driver\Src\stm32f0xx_hal_i2c_ex.o
LOAD Drivers\STM32F0xx_HAL_Driver\Src\stm32f0xx_hal_pwr.o
LOAD Drivers\STM32F0xx_HAL_Driver\Src\stm32f0xx_hal_pwr_ex.o
LOAD Drivers\STM32F0xx_HAL_Driver\Src\stm32f0xx_hal_rcc.o
LOAD Drivers\STM32F0xx_HAL_Driver\Src\stm32f0xx_hal_rcc_ex.o
LOAD Drivers\STM32F0xx_HAL_Driver\Src\stm32f0xx_hal_tim.o
LOAD Drivers\STM32F0xx_HAL_Driver\Src\stm32f0xx_hal_tim_ex.o
LOAD Drivers\STM32F0xx_HAL_Driver\Src\stm32f0xx_hal_uart.o
LOAD Drivers\STM32F0xx_HAL_Driver\Src\stm32f0xx_hal_uart_ex.o
LOAD Middlewares\Third_Party\FreeRTOS\Source\CMSIS_RTOS\cmsis_os.o
LOAD Middlewares\Third_Party\FreeRTOS\Source\croutine.o
LOAD Middlewares\Third_Party\FreeRTOS\Source\event_groups.o
LOAD Middlewares\Third_Party\FreeRTOS\Source\list.o
LOAD Middlewares\Third_Party\FreeRTOS\Source\portable\GCC\ARM_CM0\port.o
LOAD Middlewares\Third_Party\FreeRTOS\Source\portable\MemMang\heap_4.o
LOAD Middlewares\Third_Party\FreeRTOS\Source\queue.o
LOAD Middlewares\Third_Party\FreeRTOS\Source\tasks.o
LOAD Middlewares\Third_Party\FreeRTOS\Source\timers.o
LOAD Src\freertos.o
LOAD Src\main.o
LOAD Src\stm32f0xx_hal_msp.o
LOAD Src\stm32f0xx_it.o
LOAD Src\system_stm32f0xx.o
LOAD startup\startup_stm32f030x8.o
                0x00000080                malloc_getpagesize_P = 0x80
START GROUP
LOAD c:/program files (x86)/atollic/truestudio for stm32 9.0.1/armtools/bin/../lib/gcc/arm-atollic-eabi/6.3.1/../../../../arm-atollic-eabi/lib/armv6-m\libc_nano.a
LOAD c:/program files (x86)/atollic/truestudio for stm32 9.0.1/armtools/bin/../lib/gcc/arm-atollic-eabi/6.3.1/../../../../arm-atollic-eabi/lib/armv6-m\libm.a
END GROUP
START GROUP
LOAD c:/program files (x86)/atollic/truestudio for stm32 9.0.1/armtools/bin/../lib/gcc/arm-atollic-eabi/6.3.1/armv6-m\libgcc.a
LOAD c:/program files (x86)/atollic/truestudio for stm32 9.0.1/armtools/bin/../lib/gcc/arm-atollic-eabi/6.3.1/../../../../arm-atollic-eabi/lib/armv6-m\libc_nano.a
END GROUP
START GROUP
LOAD c:/program files (x86)/atollic/truestudio for stm32 9.0.1/armtools/bin/../lib/gcc/arm-atollic-eabi/6.3.1/armv6-m\libgcc.a
LOAD c:/program files (x86)/atollic/truestudio for stm32 9.0.1/armtools/bin/../lib/gcc/arm-atollic-eabi/6.3.1/../../../../arm-atollic-eabi/lib/armv6-m\libc_nano.a
LOAD c:/program files (x86)/atollic/truestudio for stm32 9.0.1/armtools/bin/../lib/gcc/arm-atollic-eabi/6.3.1/../../../../arm-atollic-eabi/lib/armv6-m\libnosys.a
END GROUP
START GROUP
LOAD c:/program files (x86)/atollic/truestudio for stm32 9.0.1/armtools/bin/../lib/gcc/arm-atollic-eabi/6.3.1/armv6-m\libgcc.a
LOAD c:/program files (x86)/atollic/truestudio for stm32 9.0.1/armtools/bin/../lib/gcc/arm-atollic-eabi/6.3.1/../../../../arm-atollic-eabi/lib/armv6-m\libc_nano.a
LOAD c:/program files (x86)/atollic/truestudio for stm32 9.0.1/armtools/bin/../lib/gcc/arm-atollic-eabi/6.3.1/../../../../arm-atollic-eabi/lib/armv6-m\libnosys.a
END GROUP
LOAD c:/program files (x86)/atollic/truestudio for stm32 9.0.1/armtools/bin/../lib/gcc/arm-atollic-eabi/6.3.1/armv6-m/crtend.o
LOAD c:/program files (x86)/atollic/truestudio for stm32 9.0.1/armtools/bin/../lib/gcc/arm-atollic-eabi/6.3.1/armv6-m/crtn.o
                0x20002000                _estack = 0x20002000
                0x00000200                _Min_Heap_Size = 0x200
                0x00000400                _Min_Stack_Size = 0x400

.isr_vector     0x08000000       0xc0
                0x08000000                . = ALIGN (0x4)
 *(.isr_vector)
 .isr_vector    0x08000000       0xc0 startup\startup_stm32f030x8.o
                0x08000000                g_pfnVectors
                0x080000c0                . = ALIGN (0x4)

.text           0x080000c0     0x2bec
                0x080000c0                . = ALIGN (0x4)
 *(.text)
 .text          0x080000c0       0x48 c:/program files (x86)/atollic/truestudio for stm32 9.0.1/armtools/bin/../lib/gcc/arm-atollic-eabi/6.3.1/armv6-m/crtbegin.o
 .text          0x08000108      0x114 c:/program files (x86)/atollic/truestudio for stm32 9.0.1/armtools/bin/../lib/gcc/arm-atollic-eabi/6.3.1/armv6-m\libgcc.a(_udivsi3.o)
                0x08000108                __aeabi_uidiv
                0x08000108                __udivsi3
                0x08000214                __aeabi_uidivmod
 .text          0x0800021c        0x4 c:/program files (x86)/atollic/truestudio for stm32 9.0.1/armtools/bin/../lib/gcc/arm-atollic-eabi/6.3.1/armv6-m\libgcc.a(_dvmd_tls.o)
                0x0800021c                __aeabi_idiv0
                0x0800021c                __aeabi_ldiv0
 *(.text*)
 .text.HAL_Init
                0x08000220       0x28 Drivers\STM32F0xx_HAL_Driver\Src\stm32f0xx_hal.o
                0x08000220                HAL_Init
 .text.HAL_InitTick
                0x08000248       0x38 Drivers\STM32F0xx_HAL_Driver\Src\stm32f0xx_hal.o
                0x08000248                HAL_InitTick
 .text.HAL_IncTick
                0x08000280       0x18 Drivers\STM32F0xx_HAL_Driver\Src\stm32f0xx_hal.o
                0x08000280                HAL_IncTick
 .text.HAL_GetTick
                0x08000298       0x14 Drivers\STM32F0xx_HAL_Driver\Src\stm32f0xx_hal.o
                0x08000298                HAL_GetTick
 .text.NVIC_SetPriority
                0x080002ac       0xdc Drivers\STM32F0xx_HAL_Driver\Src\stm32f0xx_hal_cortex.o
 .text.SysTick_Config
                0x08000388       0x48 Drivers\STM32F0xx_HAL_Driver\Src\stm32f0xx_hal_cortex.o
 .text.HAL_NVIC_SetPriority
                0x080003d0       0x2c Drivers\STM32F0xx_HAL_Driver\Src\stm32f0xx_hal_cortex.o
                0x080003d0                HAL_NVIC_SetPriority
 .text.HAL_SYSTICK_Config
                0x080003fc       0x1a Drivers\STM32F0xx_HAL_Driver\Src\stm32f0xx_hal_cortex.o
                0x080003fc                HAL_SYSTICK_Config
 *fill*         0x08000416        0x2 
 .text.HAL_SYSTICK_CLKSourceConfig
                0x08000418       0x34 Drivers\STM32F0xx_HAL_Driver\Src\stm32f0xx_hal_cortex.o
                0x08000418                HAL_SYSTICK_CLKSourceConfig
 .text.HAL_GPIO_Init
                0x0800044c      0x2e8 Drivers\STM32F0xx_HAL_Driver\Src\stm32f0xx_hal_gpio.o
                0x0800044c                HAL_GPIO_Init
 .text.HAL_GPIO_ReadPin
                0x08000734       0x3a Drivers\STM32F0xx_HAL_Driver\Src\stm32f0xx_hal_gpio.o
                0x08000734                HAL_GPIO_ReadPin
 .text.HAL_GPIO_WritePin
                0x0800076e       0x3a Drivers\STM32F0xx_HAL_Driver\Src\stm32f0xx_hal_gpio.o
                0x0800076e                HAL_GPIO_WritePin
 .text.HAL_GPIO_TogglePin
                0x080007a8       0x24 Drivers\STM32F0xx_HAL_Driver\Src\stm32f0xx_hal_gpio.o
                0x080007a8                HAL_GPIO_TogglePin
 .text.HAL_RCC_OscConfig
                0x080007cc      0x5e8 Drivers\STM32F0xx_HAL_Driver\Src\stm32f0xx_hal_rcc.o
                0x080007cc                HAL_RCC_OscConfig
 .text.HAL_RCC_ClockConfig
                0x08000db4      0x1cc Drivers\STM32F0xx_HAL_Driver\Src\stm32f0xx_hal_rcc.o
                0x08000db4                HAL_RCC_ClockConfig
 .text.HAL_RCC_GetSysClockFreq
                0x08000f80       0xc0 Drivers\STM32F0xx_HAL_Driver\Src\stm32f0xx_hal_rcc.o
                0x08000f80                HAL_RCC_GetSysClockFreq
 .text.HAL_RCC_GetHCLKFreq
                0x08001040       0x14 Drivers\STM32F0xx_HAL_Driver\Src\stm32f0xx_hal_rcc.o
                0x08001040                HAL_RCC_GetHCLKFreq
 .text.HAL_RCC_GetPCLK1Freq
                0x08001054       0x2c Drivers\STM32F0xx_HAL_Driver\Src\stm32f0xx_hal_rcc.o
                0x08001054                HAL_RCC_GetPCLK1Freq
 .text.HAL_UART_Init
                0x08001080       0xb0 Drivers\STM32F0xx_HAL_Driver\Src\stm32f0xx_hal_uart.o
                0x08001080                HAL_UART_Init
 .text.HAL_UART_Transmit
                0x08001130      0x146 Drivers\STM32F0xx_HAL_Driver\Src\stm32f0xx_hal_uart.o
                0x08001130                HAL_UART_Transmit
 *fill*         0x08001276        0x2 
 .text.UART_SetConfig
                0x08001278      0x2ec Drivers\STM32F0xx_HAL_Driver\Src\stm32f0xx_hal_uart.o
                0x08001278                UART_SetConfig
 .text.UART_AdvFeatureConfig
                0x08001564      0x158 Drivers\STM32F0xx_HAL_Driver\Src\stm32f0xx_hal_uart.o
                0x08001564                UART_AdvFeatureConfig
 .text.UART_CheckIdleState
                0x080016bc       0x30 Drivers\STM32F0xx_HAL_Driver\Src\stm32f0xx_hal_uart.o
                0x080016bc                UART_CheckIdleState
 .text.UART_WaitOnFlagUntilTimeout
                0x080016ec       0x98 Drivers\STM32F0xx_HAL_Driver\Src\stm32f0xx_hal_uart.o
                0x080016ec                UART_WaitOnFlagUntilTimeout
 .text.makeFreeRtosPriority
                0x08001784       0x32 Middlewares\Third_Party\FreeRTOS\Source\CMSIS_RTOS\cmsis_os.o
 .text.osKernelStart
                0x080017b6       0x10 Middlewares\Third_Party\FreeRTOS\Source\CMSIS_RTOS\cmsis_os.o
                0x080017b6                osKernelStart
 .text.osThreadCreate
                0x080017c6       0x50 Middlewares\Third_Party\FreeRTOS\Source\CMSIS_RTOS\cmsis_os.o
                0x080017c6                osThreadCreate
 .text.osDelay  0x08001816       0x28 Middlewares\Third_Party\FreeRTOS\Source\CMSIS_RTOS\cmsis_os.o
                0x08001816                osDelay
 .text.osSystickHandler
                0x0800183e       0x18 Middlewares\Third_Party\FreeRTOS\Source\CMSIS_RTOS\cmsis_os.o
                0x0800183e                osSystickHandler
 .text.vListInitialise
                0x08001856       0x3c Middlewares\Third_Party\FreeRTOS\Source\list.o
                0x08001856                vListInitialise
 .text.vListInitialiseItem
                0x08001892       0x16 Middlewares\Third_Party\FreeRTOS\Source\list.o
                0x08001892                vListInitialiseItem
 .text.vListInsertEnd
                0x080018a8       0x44 Middlewares\Third_Party\FreeRTOS\Source\list.o
                0x080018a8                vListInsertEnd
 .text.vListInsert
                0x080018ec       0x6c Middlewares\Third_Party\FreeRTOS\Source\list.o
                0x080018ec                vListInsert
 .text.uxListRemove
                0x08001958       0x50 Middlewares\Third_Party\FreeRTOS\Source\list.o
                0x08001958                uxListRemove
 .text.pxPortInitialiseStack
                0x080019a8       0x54 Middlewares\Third_Party\FreeRTOS\Source\portable\GCC\ARM_CM0\port.o
                0x080019a8                pxPortInitialiseStack
 .text.prvTaskExitError
                0x080019fc       0x18 Middlewares\Third_Party\FreeRTOS\Source\portable\GCC\ARM_CM0\port.o
 .text.SVC_Handler
                0x08001a14        0xa Middlewares\Third_Party\FreeRTOS\Source\portable\GCC\ARM_CM0\port.o
                0x08001a14                SVC_Handler
 *fill*         0x08001a1e        0x2 
 .text.vPortStartFirstTask
                0x08001a20       0x38 Middlewares\Third_Party\FreeRTOS\Source\portable\GCC\ARM_CM0\port.o
 .text.xPortStartScheduler
                0x08001a58       0x44 Middlewares\Third_Party\FreeRTOS\Source\portable\GCC\ARM_CM0\port.o
                0x08001a58                xPortStartScheduler
 .text.vPortYield
                0x08001a9c       0x20 Middlewares\Third_Party\FreeRTOS\Source\portable\GCC\ARM_CM0\port.o
                0x08001a9c                vPortYield
 .text.vPortEnterCritical
                0x08001abc       0x24 Middlewares\Third_Party\FreeRTOS\Source\portable\GCC\ARM_CM0\port.o
                0x08001abc                vPortEnterCritical
 .text.vPortExitCritical
                0x08001ae0       0x30 Middlewares\Third_Party\FreeRTOS\Source\portable\GCC\ARM_CM0\port.o
                0x08001ae0                vPortExitCritical
 .text.ulSetInterruptMaskFromISR
                0x08001b10        0xc Middlewares\Third_Party\FreeRTOS\Source\portable\GCC\ARM_CM0\port.o
                0x08001b10                ulSetInterruptMaskFromISR
 .text.vClearInterruptMaskFromISR
                0x08001b1c        0x8 Middlewares\Third_Party\FreeRTOS\Source\portable\GCC\ARM_CM0\port.o
                0x08001b1c                vClearInterruptMaskFromISR
 *fill*         0x08001b24        0xc 
 .text.PendSV_Handler
                0x08001b30       0x48 Middlewares\Third_Party\FreeRTOS\Source\portable\GCC\ARM_CM0\port.o
                0x08001b30                PendSV_Handler
 .text.xPortSysTickHandler
                0x08001b78       0x34 Middlewares\Third_Party\FreeRTOS\Source\portable\GCC\ARM_CM0\port.o
                0x08001b78                xPortSysTickHandler
 .text.vPortSetupTimerInterrupt
                0x08001bac       0x34 Middlewares\Third_Party\FreeRTOS\Source\portable\GCC\ARM_CM0\port.o
                0x08001bac                vPortSetupTimerInterrupt
 .text.pvPortMalloc
                0x08001be0      0x14c Middlewares\Third_Party\FreeRTOS\Source\portable\MemMang\heap_4.o
                0x08001be0                pvPortMalloc
 .text.vPortFree
                0x08001d2c       0x90 Middlewares\Third_Party\FreeRTOS\Source\portable\MemMang\heap_4.o
                0x08001d2c                vPortFree
 .text.prvHeapInit
                0x08001dbc       0xc0 Middlewares\Third_Party\FreeRTOS\Source\portable\MemMang\heap_4.o
 .text.prvInsertBlockIntoFreeList
                0x08001e7c       0xb0 Middlewares\Third_Party\FreeRTOS\Source\portable\MemMang\heap_4.o
 .text.xTaskCreate
                0x08001f2c       0x90 Middlewares\Third_Party\FreeRTOS\Source\tasks.o
                0x08001f2c                xTaskCreate
 .text.prvInitialiseNewTask
                0x08001fbc       0xf4 Middlewares\Third_Party\FreeRTOS\Source\tasks.o
 .text.prvAddNewTaskToReadyList
                0x080020b0       0xc8 Middlewares\Third_Party\FreeRTOS\Source\tasks.o
 .text.vTaskDelay
                0x08002178       0x4c Middlewares\Third_Party\FreeRTOS\Source\tasks.o
                0x08002178                vTaskDelay
 .text.vTaskStartScheduler
                0x080021c4       0x6c Middlewares\Third_Party\FreeRTOS\Source\tasks.o
                0x080021c4                vTaskStartScheduler
 .text.vTaskSuspendAll
                0x08002230       0x18 Middlewares\Third_Party\FreeRTOS\Source\tasks.o
                0x08002230                vTaskSuspendAll
 .text.xTaskResumeAll
                0x08002248      0x118 Middlewares\Third_Party\FreeRTOS\Source\tasks.o
                0x08002248                xTaskResumeAll
 .text.xTaskIncrementTick
                0x08002360      0x168 Middlewares\Third_Party\FreeRTOS\Source\tasks.o
                0x08002360                xTaskIncrementTick
 .text.vTaskSwitchContext
                0x080024c8       0xa4 Middlewares\Third_Party\FreeRTOS\Source\tasks.o
                0x080024c8                vTaskSwitchContext
 .text.prvIdleTask
                0x0800256c       0x20 Middlewares\Third_Party\FreeRTOS\Source\tasks.o
 .text.prvInitialiseTaskLists
                0x0800258c       0x88 Middlewares\Third_Party\FreeRTOS\Source\tasks.o
 .text.prvCheckTasksWaitingTermination
                0x08002614       0x74 Middlewares\Third_Party\FreeRTOS\Source\tasks.o
 .text.prvDeleteTCB
                0x08002688       0x22 Middlewares\Third_Party\FreeRTOS\Source\tasks.o
 *fill*         0x080026aa        0x2 
 .text.prvResetNextTaskUnblockTime
                0x080026ac       0x48 Middlewares\Third_Party\FreeRTOS\Source\tasks.o
 .text.xTaskGetSchedulerState
                0x080026f4       0x38 Middlewares\Third_Party\FreeRTOS\Source\tasks.o
                0x080026f4                xTaskGetSchedulerState
 .text.prvAddCurrentTaskToDelayedList
                0x0800272c       0xa8 Middlewares\Third_Party\FreeRTOS\Source\tasks.o
 .text.main     0x080027d4       0x40 Src\main.o
                0x080027d4                main
 .text.SystemClock_Config
                0x08002814       0xc0 Src\main.o
                0x08002814                SystemClock_Config
 .text.MX_USART2_UART_Init
                0x080028d4       0x6c Src\main.o
 .text.MX_GPIO_Init
                0x08002940       0xd4 Src\main.o
 .text.StartDefaultTask
                0x08002a14       0x54 Src\main.o
                0x08002a14                StartDefaultTask
 .text._Error_Handler
                0x08002a68        0xc Src\main.o
                0x08002a68                _Error_Handler
 .text.HAL_MspInit
                0x08002a74       0x70 Src\stm32f0xx_hal_msp.o
                0x08002a74                HAL_MspInit
 .text.HAL_UART_MspInit
                0x08002ae4       0x78 Src\stm32f0xx_hal_msp.o
                0x08002ae4                HAL_UART_MspInit
 .text.SysTick_Handler
                0x08002b5c       0x12 Src\stm32f0xx_it.o
                0x08002b5c                SysTick_Handler
 *fill*         0x08002b6e        0x2 
 .text.SystemInit
                0x08002b70       0x88 Src\system_stm32f0xx.o
                0x08002b70                SystemInit
 .text.Reset_Handler
                0x08002bf8       0x50 startup\startup_stm32f030x8.o
                0x08002bf8                Reset_Handler
 .text.Default_Handler
                0x08002c48        0x2 startup\startup_stm32f030x8.o
                0x08002c48                TIM1_CC_IRQHandler
                0x08002c48                HardFault_Handler
                0x08002c48                TIM6_IRQHandler
                0x08002c48                NMI_Handler
                0x08002c48                I2C1_IRQHandler
                0x08002c48                SPI1_IRQHandler
                0x08002c48                EXTI2_3_IRQHandler
                0x08002c48                ADC1_IRQHandler
                0x08002c48                I2C2_IRQHandler
                0x08002c48                TIM17_IRQHandler
                0x08002c48                RTC_IRQHandler
                0x08002c48                TIM16_IRQHandler
                0x08002c48                TIM3_IRQHandler
                0x08002c48                EXTI4_15_IRQHandler
                0x08002c48                RCC_IRQHandler
                0x08002c48                DMA1_Channel1_IRQHandler
                0x08002c48                Default_Handler
                0x08002c48                TIM14_IRQHandler
                0x08002c48                DMA1_Channel4_5_IRQHandler
                0x08002c48                TIM15_IRQHandler
                0x08002c48                EXTI0_1_IRQHandler
                0x08002c48                SPI2_IRQHandler
                0x08002c48                WWDG_IRQHandler
                0x08002c48                DMA1_Channel2_3_IRQHandler
                0x08002c48                USART2_IRQHandler
                0x08002c48                FLASH_IRQHandler
                0x08002c48                USART1_IRQHandler
                0x08002c48                TIM1_BRK_UP_TRG_COM_IRQHandler
 *fill*         0x08002c4a        0x2 
 .text.__libc_init_array
                0x08002c4c       0x48 c:/program files (x86)/atollic/truestudio for stm32 9.0.1/armtools/bin/../lib/gcc/arm-atollic-eabi/6.3.1/../../../../arm-atollic-eabi/lib/armv6-m\libc_nano.a(lib_a-init.o)
                0x08002c4c                __libc_init_array
 *(.glue_7)
 .glue_7        0x08002c94        0x0 linker stubs
 *(.glue_7t)
 .glue_7t       0x08002c94        0x0 linker stubs
 *(.eh_frame)
 .eh_frame      0x08002c94        0x0 c:/program files (x86)/atollic/truestudio for stm32 9.0.1/armtools/bin/../lib/gcc/arm-atollic-eabi/6.3.1/armv6-m/crtbegin.o
 *(.init)
 .init          0x08002c94        0x4 c:/program files (x86)/atollic/truestudio for stm32 9.0.1/armtools/bin/../lib/gcc/arm-atollic-eabi/6.3.1/armv6-m/crti.o
                0x08002c94                _init
 .init          0x08002c98        0x8 c:/program files (x86)/atollic/truestudio for stm32 9.0.1/armtools/bin/../lib/gcc/arm-atollic-eabi/6.3.1/armv6-m/crtn.o
 *(.fini)
 .fini          0x08002ca0        0x4 c:/program files (x86)/atollic/truestudio for stm32 9.0.1/armtools/bin/../lib/gcc/arm-atollic-eabi/6.3.1/armv6-m/crti.o
                0x08002ca0                _fini
 .fini          0x08002ca4        0x8 c:/program files (x86)/atollic/truestudio for stm32 9.0.1/armtools/bin/../lib/gcc/arm-atollic-eabi/6.3.1/armv6-m/crtn.o
                0x08002cac                . = ALIGN (0x4)
                0x08002cac                _etext = .

.vfp11_veneer   0x08002cac        0x0
 .vfp11_veneer  0x08002cac        0x0 linker stubs

.v4_bx          0x08002cac        0x0
 .v4_bx         0x08002cac        0x0 linker stubs

.iplt           0x08002cac        0x0
 .iplt          0x08002cac        0x0 c:/program files (x86)/atollic/truestudio for stm32 9.0.1/armtools/bin/../lib/gcc/arm-atollic-eabi/6.3.1/armv6-m/crtbegin.o

.rodata         0x08002cac       0x84
                0x08002cac                . = ALIGN (0x4)
 *(.rodata)
 .rodata        0x08002cac       0x20 Drivers\STM32F0xx_HAL_Driver\Src\stm32f0xx_hal_rcc.o
 .rodata        0x08002ccc        0x5 Middlewares\Third_Party\FreeRTOS\Source\tasks.o
 *fill*         0x08002cd1        0x3 
 .rodata        0x08002cd4       0x41 Src\main.o
 *(.rodata*)
 *fill*         0x08002d15        0x3 
 .rodata.AHBPrescTable
                0x08002d18       0x10 Src\system_stm32f0xx.o
                0x08002d18                AHBPrescTable
 .rodata.APBPrescTable
                0x08002d28        0x8 Src\system_stm32f0xx.o
                0x08002d28                APBPrescTable
                0x08002d30                . = ALIGN (0x4)

.rel.dyn        0x08002d30        0x0
 .rel.iplt      0x08002d30        0x0 c:/program files (x86)/atollic/truestudio for stm32 9.0.1/armtools/bin/../lib/gcc/arm-atollic-eabi/6.3.1/armv6-m/crtbegin.o

.ARM.extab
 *(.ARM.extab* .gnu.linkonce.armextab.*)

.ARM            0x08002d30        0x0
                0x08002d30                __exidx_start = .
 *(.ARM.exidx*)
                0x08002d30                __exidx_end = .

.preinit_array  0x08002d30        0x0
                0x08002d30                PROVIDE (__preinit_array_start, .)
 *(.preinit_array*)
                0x08002d30                PROVIDE (__preinit_array_end, .)

.init_array     0x08002d30        0x4
                0x08002d30                PROVIDE (__init_array_start, .)
 *(SORT(.init_array.*))
 *(.init_array*)
 .init_array    0x08002d30        0x4 c:/program files (x86)/atollic/truestudio for stm32 9.0.1/armtools/bin/../lib/gcc/arm-atollic-eabi/6.3.1/armv6-m/crtbegin.o
                0x08002d34                PROVIDE (__init_array_end, .)

.fini_array     0x08002d34        0x4
                [!provide]                PROVIDE (__fini_array_start, .)
 *(SORT(.fini_array.*))
 *(.fini_array*)
 .fini_array    0x08002d34        0x4 c:/program files (x86)/atollic/truestudio for stm32 9.0.1/armtools/bin/../lib/gcc/arm-atollic-eabi/6.3.1/armv6-m/crtbegin.o
                [!provide]                PROVIDE (__fini_array_end, .)
                0x08002d38                _sidata = LOADADDR (.data)

.data           0x20000000        0x8 load address 0x08002d38
                0x20000000                . = ALIGN (0x4)
                0x20000000                _sdata = .
 *(.data)
 *(.data*)
 .data.uxCriticalNesting
                0x20000000        0x4 Middlewares\Third_Party\FreeRTOS\Source\portable\GCC\ARM_CM0\port.o
 .data.SystemCoreClock
                0x20000004        0x4 Src\system_stm32f0xx.o
                0x20000004                SystemCoreClock
                0x20000008                . = ALIGN (0x4)
                0x20000008                _edata = .

.igot.plt       0x20000008        0x0 load address 0x08002d40
 .igot.plt      0x20000008        0x0 c:/program files (x86)/atollic/truestudio for stm32 9.0.1/armtools/bin/../lib/gcc/arm-atollic-eabi/6.3.1/armv6-m/crtbegin.o
                0x20000008                . = ALIGN (0x4)

.bss            0x20000008      0xdd8 load address 0x08002d40
                0x20000008                _sbss = .
                0x20000008                __bss_start__ = _sbss
 *(.bss)
 .bss           0x20000008       0x1c c:/program files (x86)/atollic/truestudio for stm32 9.0.1/armtools/bin/../lib/gcc/arm-atollic-eabi/6.3.1/armv6-m/crtbegin.o
 *(.bss*)
 .bss.ucHeap    0x20000024      0xc00 Middlewares\Third_Party\FreeRTOS\Source\portable\MemMang\heap_4.o
 .bss.xStart    0x20000c24        0x8 Middlewares\Third_Party\FreeRTOS\Source\portable\MemMang\heap_4.o
 .bss.pxEnd     0x20000c2c        0x4 Middlewares\Third_Party\FreeRTOS\Source\portable\MemMang\heap_4.o
 .bss.xFreeBytesRemaining
                0x20000c30        0x4 Middlewares\Third_Party\FreeRTOS\Source\portable\MemMang\heap_4.o
 .bss.xMinimumEverFreeBytesRemaining
                0x20000c34        0x4 Middlewares\Third_Party\FreeRTOS\Source\portable\MemMang\heap_4.o
 .bss.xBlockAllocatedBit
                0x20000c38        0x4 Middlewares\Third_Party\FreeRTOS\Source\portable\MemMang\heap_4.o
 .bss.pxCurrentTCB
                0x20000c3c        0x4 Middlewares\Third_Party\FreeRTOS\Source\tasks.o
                0x20000c3c                pxCurrentTCB
 .bss.pxReadyTasksLists
                0x20000c40       0x8c Middlewares\Third_Party\FreeRTOS\Source\tasks.o
 .bss.xDelayedTaskList1
                0x20000ccc       0x14 Middlewares\Third_Party\FreeRTOS\Source\tasks.o
 .bss.xDelayedTaskList2
                0x20000ce0       0x14 Middlewares\Third_Party\FreeRTOS\Source\tasks.o
 .bss.pxDelayedTaskList
                0x20000cf4        0x4 Middlewares\Third_Party\FreeRTOS\Source\tasks.o
 .bss.pxOverflowDelayedTaskList
                0x20000cf8        0x4 Middlewares\Third_Party\FreeRTOS\Source\tasks.o
 .bss.xPendingReadyList
                0x20000cfc       0x14 Middlewares\Third_Party\FreeRTOS\Source\tasks.o
 .bss.xTasksWaitingTermination
                0x20000d10       0x14 Middlewares\Third_Party\FreeRTOS\Source\tasks.o
 .bss.uxDeletedTasksWaitingCleanUp
                0x20000d24        0x4 Middlewares\Third_Party\FreeRTOS\Source\tasks.o
 .bss.xSuspendedTaskList
                0x20000d28       0x14 Middlewares\Third_Party\FreeRTOS\Source\tasks.o
 .bss.uxCurrentNumberOfTasks
                0x20000d3c        0x4 Middlewares\Third_Party\FreeRTOS\Source\tasks.o
 .bss.xTickCount
                0x20000d40        0x4 Middlewares\Third_Party\FreeRTOS\Source\tasks.o
 .bss.uxTopReadyPriority
                0x20000d44        0x4 Middlewares\Third_Party\FreeRTOS\Source\tasks.o
 .bss.xSchedulerRunning
                0x20000d48        0x4 Middlewares\Third_Party\FreeRTOS\Source\tasks.o
 .bss.uxPendedTicks
                0x20000d4c        0x4 Middlewares\Third_Party\FreeRTOS\Source\tasks.o
 .bss.xYieldPending
                0x20000d50        0x4 Middlewares\Third_Party\FreeRTOS\Source\tasks.o
 .bss.xNumOfOverflows
                0x20000d54        0x4 Middlewares\Third_Party\FreeRTOS\Source\tasks.o
 .bss.uxTaskNumber
                0x20000d58        0x4 Middlewares\Third_Party\FreeRTOS\Source\tasks.o
 .bss.xNextTaskUnblockTime
                0x20000d5c        0x4 Middlewares\Third_Party\FreeRTOS\Source\tasks.o
 .bss.xIdleTaskHandle
                0x20000d60        0x4 Middlewares\Third_Party\FreeRTOS\Source\tasks.o
 .bss.uxSchedulerSuspended
                0x20000d64        0x4 Middlewares\Third_Party\FreeRTOS\Source\tasks.o
 *(COMMON)
 COMMON         0x20000d68        0x4 Drivers\STM32F0xx_HAL_Driver\Src\stm32f0xx_hal.o
                0x20000d68                uwTick
 COMMON         0x20000d6c       0x74 Src\main.o
                0x20000d6c                defaultTaskHandle
                0x20000d70                huart2
                0x20000de0                . = ALIGN (0x4)
                0x20000de0                _ebss = .
                0x20000de0                __bss_end__ = _ebss

._user_heap_stack
                0x20000de0      0x600 load address 0x08002d40
                0x20000de0                . = ALIGN (0x4)
                [!provide]                PROVIDE (end, .)
                [!provide]                PROVIDE (_end, .)
                0x20000fe0                . = (. + _Min_Heap_Size)
 *fill*         0x20000de0      0x200 
                0x200013e0                . = (. + _Min_Stack_Size)
 *fill*         0x20000fe0      0x400 
                0x200013e0                . = ALIGN (0x4)

/DISCARD/
 libc.a(*)
 libm.a(*)
 libgcc.a(*)

.ARM.attributes
                0x00000000       0x28
 *(.ARM.attributes)
 .ARM.attributes
                0x00000000       0x1e c:/program files (x86)/atollic/truestudio for stm32 9.0.1/armtools/bin/../lib/gcc/arm-atollic-eabi/6.3.1/armv6-m/crti.o
 .ARM.attributes
                0x0000001e       0x2c c:/program files (x86)/atollic/truestudio for stm32 9.0.1/armtools/bin/../lib/gcc/arm-atollic-eabi/6.3.1/armv6-m/crtbegin.o
 .ARM.attributes
                0x0000004a       0x31 Drivers\STM32F0xx_HAL_Driver\Src\stm32f0xx_hal.o
 .ARM.attributes
                0x0000007b       0x31 Drivers\STM32F0xx_HAL_Driver\Src\stm32f0xx_hal_cortex.o
 .ARM.attributes
                0x000000ac       0x31 Drivers\STM32F0xx_HAL_Driver\Src\stm32f0xx_hal_gpio.o
 .ARM.attributes
                0x000000dd       0x31 Drivers\STM32F0xx_HAL_Driver\Src\stm32f0xx_hal_rcc.o
 .ARM.attributes
                0x0000010e       0x31 Drivers\STM32F0xx_HAL_Driver\Src\stm32f0xx_hal_uart.o
 .ARM.attributes
                0x0000013f       0x31 Middlewares\Third_Party\FreeRTOS\Source\CMSIS_RTOS\cmsis_os.o
 .ARM.attributes
                0x00000170       0x31 Middlewares\Third_Party\FreeRTOS\Source\list.o
 .ARM.attributes
                0x000001a1       0x31 Middlewares\Third_Party\FreeRTOS\Source\portable\GCC\ARM_CM0\port.o
 .ARM.attributes
                0x000001d2       0x31 Middlewares\Third_Party\FreeRTOS\Source\portable\MemMang\heap_4.o
 .ARM.attributes
                0x00000203       0x31 Middlewares\Third_Party\FreeRTOS\Source\tasks.o
 .ARM.attributes
                0x00000234       0x31 Src\main.o
 .ARM.attributes
                0x00000265       0x31 Src\stm32f0xx_hal_msp.o
 .ARM.attributes
                0x00000296       0x31 Src\stm32f0xx_it.o
 .ARM.attributes
                0x000002c7       0x31 Src\system_stm32f0xx.o
 .ARM.attributes
                0x000002f8       0x21 startup\startup_stm32f030x8.o
 .ARM.attributes
                0x00000319       0x2c c:/program files (x86)/atollic/truestudio for stm32 9.0.1/armtools/bin/../lib/gcc/arm-atollic-eabi/6.3.1/../../../../arm-atollic-eabi/lib/armv6-m\libc_nano.a(lib_a-init.o)
 .ARM.attributes
                0x00000345       0x1e c:/program files (x86)/atollic/truestudio for stm32 9.0.1/armtools/bin/../lib/gcc/arm-atollic-eabi/6.3.1/armv6-m\libgcc.a(_udivsi3.o)
 .ARM.attributes
                0x00000363       0x1e c:/program files (x86)/atollic/truestudio for stm32 9.0.1/armtools/bin/../lib/gcc/arm-atollic-eabi/6.3.1/armv6-m\libgcc.a(_dvmd_tls.o)
 .ARM.attributes
                0x00000381       0x1e c:/program files (x86)/atollic/truestudio for stm32 9.0.1/armtools/bin/../lib/gcc/arm-atollic-eabi/6.3.1/armv6-m/crtn.o
OUTPUT(DefaultFreeRTOSTask.elf elf32-littlearm)

.debug_info     0x00000000     0xdc23
 .debug_info    0x00000000      0xdb9 Drivers\STM32F0xx_HAL_Driver\Src\stm32f0xx_hal.o
 .debug_info    0x00000db9      0xf11 Drivers\STM32F0xx_HAL_Driver\Src\stm32f0xx_hal_cortex.o
 .debug_info    0x00001cca      0xe47 Drivers\STM32F0xx_HAL_Driver\Src\stm32f0xx_hal_gpio.o
 .debug_info    0x00002b11      0xf8e Drivers\STM32F0xx_HAL_Driver\Src\stm32f0xx_hal_rcc.o
 .debug_info    0x00003a9f     0x1b3c Drivers\STM32F0xx_HAL_Driver\Src\stm32f0xx_hal_uart.o
 .debug_info    0x000055db     0x1a68 Middlewares\Third_Party\FreeRTOS\Source\CMSIS_RTOS\cmsis_os.o
 .debug_info    0x00007043      0xac3 Middlewares\Third_Party\FreeRTOS\Source\list.o
 .debug_info    0x00007b06      0x258 Middlewares\Third_Party\FreeRTOS\Source\portable\GCC\ARM_CM0\port.o
 .debug_info    0x00007d5e      0xb1c Middlewares\Third_Party\FreeRTOS\Source\portable\MemMang\heap_4.o
 .debug_info    0x0000887a     0x1a49 Middlewares\Third_Party\FreeRTOS\Source\tasks.o
 .debug_info    0x0000a2c3     0x1426 Src\main.o
 .debug_info    0x0000b6e9     0x1156 Src\stm32f0xx_hal_msp.o
 .debug_info    0x0000c83f      0x919 Src\stm32f0xx_it.o
 .debug_info    0x0000d158      0xa63 Src\system_stm32f0xx.o
 .debug_info    0x0000dbbb       0x68 startup\startup_stm32f030x8.o

.debug_abbrev   0x00000000     0x1fc9
 .debug_abbrev  0x00000000      0x266 Drivers\STM32F0xx_HAL_Driver\Src\stm32f0xx_hal.o
 .debug_abbrev  0x00000266      0x30f Drivers\STM32F0xx_HAL_Driver\Src\stm32f0xx_hal_cortex.o
 .debug_abbrev  0x00000575      0x24c Drivers\STM32F0xx_HAL_Driver\Src\stm32f0xx_hal_gpio.o
 .debug_abbrev  0x000007c1      0x281 Drivers\STM32F0xx_HAL_Driver\Src\stm32f0xx_hal_rcc.o
 .debug_abbrev  0x00000a42      0x271 Drivers\STM32F0xx_HAL_Driver\Src\stm32f0xx_hal_uart.o
 .debug_abbrev  0x00000cb3      0x30f Middlewares\Third_Party\FreeRTOS\Source\CMSIS_RTOS\cmsis_os.o
 .debug_abbrev  0x00000fc2      0x1c5 Middlewares\Third_Party\FreeRTOS\Source\list.o
 .debug_abbrev  0x00001187      0x184 Middlewares\Third_Party\FreeRTOS\Source\portable\GCC\ARM_CM0\port.o
 .debug_abbrev  0x0000130b      0x23a Middlewares\Third_Party\FreeRTOS\Source\portable\MemMang\heap_4.o
 .debug_abbrev  0x00001545      0x2d9 Middlewares\Third_Party\FreeRTOS\Source\tasks.o
 .debug_abbrev  0x0000181e      0x26c Src\main.o
 .debug_abbrev  0x00001a8a      0x1f2 Src\stm32f0xx_hal_msp.o
 .debug_abbrev  0x00001c7c      0x171 Src\stm32f0xx_it.o
 .debug_abbrev  0x00001ded      0x1ca Src\system_stm32f0xx.o
 .debug_abbrev  0x00001fb7       0x12 startup\startup_stm32f030x8.o

.debug_aranges  0x00000000      0x990
 .debug_aranges
                0x00000000       0xb8 Drivers\STM32F0xx_HAL_Driver\Src\stm32f0xx_hal.o
 .debug_aranges
                0x000000b8       0xc0 Drivers\STM32F0xx_HAL_Driver\Src\stm32f0xx_hal_cortex.o
 .debug_aranges
                0x00000178       0x58 Drivers\STM32F0xx_HAL_Driver\Src\stm32f0xx_hal_gpio.o
 .debug_aranges
                0x000001d0       0x80 Drivers\STM32F0xx_HAL_Driver\Src\stm32f0xx_hal_rcc.o
 .debug_aranges
                0x00000250      0x1d8 Drivers\STM32F0xx_HAL_Driver\Src\stm32f0xx_hal_uart.o
 .debug_aranges
                0x00000428      0x1d8 Middlewares\Third_Party\FreeRTOS\Source\CMSIS_RTOS\cmsis_os.o
 .debug_aranges
                0x00000600       0x40 Middlewares\Third_Party\FreeRTOS\Source\list.o
 .debug_aranges
                0x00000640       0x88 Middlewares\Third_Party\FreeRTOS\Source\portable\GCC\ARM_CM0\port.o
 .debug_aranges
                0x000006c8       0x50 Middlewares\Third_Party\FreeRTOS\Source\portable\MemMang\heap_4.o
 .debug_aranges
                0x00000718      0x190 Middlewares\Third_Party\FreeRTOS\Source\tasks.o
 .debug_aranges
                0x000008a8       0x48 Src\main.o
 .debug_aranges
                0x000008f0       0x30 Src\stm32f0xx_hal_msp.o
 .debug_aranges
                0x00000920       0x20 Src\stm32f0xx_it.o
 .debug_aranges
                0x00000940       0x28 Src\system_stm32f0xx.o
 .debug_aranges
                0x00000968       0x28 startup\startup_stm32f030x8.o

.debug_ranges   0x00000000      0x8a8
 .debug_ranges  0x00000000       0xa8 Drivers\STM32F0xx_HAL_Driver\Src\stm32f0xx_hal.o
 .debug_ranges  0x000000a8       0xb0 Drivers\STM32F0xx_HAL_Driver\Src\stm32f0xx_hal_cortex.o
 .debug_ranges  0x00000158       0x48 Drivers\STM32F0xx_HAL_Driver\Src\stm32f0xx_hal_gpio.o
 .debug_ranges  0x000001a0       0x70 Drivers\STM32F0xx_HAL_Driver\Src\stm32f0xx_hal_rcc.o
 .debug_ranges  0x00000210      0x1c8 Drivers\STM32F0xx_HAL_Driver\Src\stm32f0xx_hal_uart.o
 .debug_ranges  0x000003d8      0x1c8 Middlewares\Third_Party\FreeRTOS\Source\CMSIS_RTOS\cmsis_os.o
 .debug_ranges  0x000005a0       0x30 Middlewares\Third_Party\FreeRTOS\Source\list.o
 .debug_ranges  0x000005d0       0x78 Middlewares\Third_Party\FreeRTOS\Source\portable\GCC\ARM_CM0\port.o
 .debug_ranges  0x00000648       0x40 Middlewares\Third_Party\FreeRTOS\Source\portable\MemMang\heap_4.o
 .debug_ranges  0x00000688      0x180 Middlewares\Third_Party\FreeRTOS\Source\tasks.o
 .debug_ranges  0x00000808       0x38 Src\main.o
 .debug_ranges  0x00000840       0x20 Src\stm32f0xx_hal_msp.o
 .debug_ranges  0x00000860       0x10 Src\stm32f0xx_it.o
 .debug_ranges  0x00000870       0x18 Src\system_stm32f0xx.o
 .debug_ranges  0x00000888       0x20 startup\startup_stm32f030x8.o

.debug_line     0x00000000     0x4773
 .debug_line    0x00000000      0x403 Drivers\STM32F0xx_HAL_Driver\Src\stm32f0xx_hal.o
 .debug_line    0x00000403      0x429 Drivers\STM32F0xx_HAL_Driver\Src\stm32f0xx_hal_cortex.o
 .debug_line    0x0000082c      0x409 Drivers\STM32F0xx_HAL_Driver\Src\stm32f0xx_hal_gpio.o
 .debug_line    0x00000c35      0x4fb Drivers\STM32F0xx_HAL_Driver\Src\stm32f0xx_hal_rcc.o
 .debug_line    0x00001130      0xc02 Drivers\STM32F0xx_HAL_Driver\Src\stm32f0xx_hal_uart.o
 .debug_line    0x00001d32      0x902 Middlewares\Third_Party\FreeRTOS\Source\CMSIS_RTOS\cmsis_os.o
 .debug_line    0x00002634      0x363 Middlewares\Third_Party\FreeRTOS\Source\list.o
 .debug_line    0x00002997      0x2f1 Middlewares\Third_Party\FreeRTOS\Source\portable\GCC\ARM_CM0\port.o
 .debug_line    0x00002c88      0x388 Middlewares\Third_Party\FreeRTOS\Source\portable\MemMang\heap_4.o
 .debug_line    0x00003010      0xbf8 Middlewares\Third_Party\FreeRTOS\Source\tasks.o
 .debug_line    0x00003c08      0x3c3 Src\main.o
 .debug_line    0x00003fcb      0x2cf Src\stm32f0xx_hal_msp.o
 .debug_line    0x0000429a      0x207 Src\stm32f0xx_it.o
 .debug_line    0x000044a1      0x24f Src\system_stm32f0xx.o
 .debug_line    0x000046f0       0x83 startup\startup_stm32f030x8.o

.debug_str      0x00000000     0x326e
 .debug_str     0x00000000      0x960 Drivers\STM32F0xx_HAL_Driver\Src\stm32f0xx_hal.o
                                0x9ed (size before relaxing)
 .debug_str     0x00000960      0x217 Drivers\STM32F0xx_HAL_Driver\Src\stm32f0xx_hal_cortex.o
                                0xa31 (size before relaxing)
 .debug_str     0x00000b77      0x1c7 Drivers\STM32F0xx_HAL_Driver\Src\stm32f0xx_hal_gpio.o
                                0x856 (size before relaxing)
 .debug_str     0x00000d3e      0x2f4 Drivers\STM32F0xx_HAL_Driver\Src\stm32f0xx_hal_rcc.o
                                0xa08 (size before relaxing)
 .debug_str     0x00001032      0xa2a Drivers\STM32F0xx_HAL_Driver\Src\stm32f0xx_hal_uart.o
                               0x113b (size before relaxing)
 .debug_str     0x00001a5c      0x862 Middlewares\Third_Party\FreeRTOS\Source\CMSIS_RTOS\cmsis_os.o
                                0xef1 (size before relaxing)
 .debug_str     0x000022be      0x159 Middlewares\Third_Party\FreeRTOS\Source\list.o
                                0x71c (size before relaxing)
 .debug_str     0x00002417      0x1aa Middlewares\Third_Party\FreeRTOS\Source\portable\GCC\ARM_CM0\port.o
                                0x360 (size before relaxing)
 .debug_str     0x000025c1      0x1ff Middlewares\Third_Party\FreeRTOS\Source\portable\MemMang\heap_4.o
                                0x7c7 (size before relaxing)
 .debug_str     0x000027c0      0x964 Middlewares\Third_Party\FreeRTOS\Source\tasks.o
                               0x10a7 (size before relaxing)
 .debug_str     0x00003124       0xaf Src\main.o
                                0xf88 (size before relaxing)
 .debug_str     0x000031d3       0x1b Src\stm32f0xx_hal_msp.o
                                0xccf (size before relaxing)
 .debug_str     0x000031ee       0x26 Src\stm32f0xx_it.o
                                0x5f5 (size before relaxing)
 .debug_str     0x00003214       0x5a Src\system_stm32f0xx.o
                                0x67c (size before relaxing)

.comment        0x00000000       0x7c
 .comment       0x00000000       0x7c Drivers\STM32F0xx_HAL_Driver\Src\stm32f0xx_hal.o
                                 0x7d (size before relaxing)
 .comment       0x0000007c       0x7d Drivers\STM32F0xx_HAL_Driver\Src\stm32f0xx_hal_cortex.o
 .comment       0x0000007c       0x7d Drivers\STM32F0xx_HAL_Driver\Src\stm32f0xx_hal_gpio.o
 .comment       0x0000007c       0x7d Drivers\STM32F0xx_HAL_Driver\Src\stm32f0xx_hal_rcc.o
 .comment       0x0000007c       0x7d Drivers\STM32F0xx_HAL_Driver\Src\stm32f0xx_hal_uart.o
 .comment       0x0000007c       0x7d Middlewares\Third_Party\FreeRTOS\Source\CMSIS_RTOS\cmsis_os.o
 .comment       0x0000007c       0x7d Middlewares\Third_Party\FreeRTOS\Source\list.o
 .comment       0x0000007c       0x7d Middlewares\Third_Party\FreeRTOS\Source\portable\GCC\ARM_CM0\port.o
 .comment       0x0000007c       0x7d Middlewares\Third_Party\FreeRTOS\Source\portable\MemMang\heap_4.o
 .comment       0x0000007c       0x7d Middlewares\Third_Party\FreeRTOS\Source\tasks.o
 .comment       0x0000007c       0x7d Src\main.o
 .comment       0x0000007c       0x7d Src\stm32f0xx_hal_msp.o
 .comment       0x0000007c       0x7d Src\stm32f0xx_it.o
 .comment       0x0000007c       0x7d Src\system_stm32f0xx.o

.debug_frame    0x00000000     0x2078
 .debug_frame   0x00000000      0x248 Drivers\STM32F0xx_HAL_Driver\Src\stm32f0xx_hal.o
 .debug_frame   0x00000248      0x2a4 Drivers\STM32F0xx_HAL_Driver\Src\stm32f0xx_hal_cortex.o
 .debug_frame   0x000004ec      0x110 Drivers\STM32F0xx_HAL_Driver\Src\stm32f0xx_hal_gpio.o
 .debug_frame   0x000005fc      0x194 Drivers\STM32F0xx_HAL_Driver\Src\stm32f0xx_hal_rcc.o
 .debug_frame   0x00000790      0x710 Drivers\STM32F0xx_HAL_Driver\Src\stm32f0xx_hal_uart.o
 .debug_frame   0x00000ea0      0x6f4 Middlewares\Third_Party\FreeRTOS\Source\CMSIS_RTOS\cmsis_os.o
 .debug_frame   0x00001594       0xb0 Middlewares\Third_Party\FreeRTOS\Source\list.o
 .debug_frame   0x00001644      0x174 Middlewares\Third_Party\FreeRTOS\Source\portable\GCC\ARM_CM0\port.o
 .debug_frame   0x000017b8       0xe4 Middlewares\Third_Party\FreeRTOS\Source\portable\MemMang\heap_4.o
 .debug_frame   0x0000189c      0x5dc Middlewares\Third_Party\FreeRTOS\Source\tasks.o
 .debug_frame   0x00001e78       0xcc Src\main.o
 .debug_frame   0x00001f44       0x70 Src\stm32f0xx_hal_msp.o
 .debug_frame   0x00001fb4       0x2c Src\stm32f0xx_it.o
 .debug_frame   0x00001fe0       0x4c Src\system_stm32f0xx.o
 .debug_frame   0x0000202c       0x2c c:/program files (x86)/atollic/truestudio for stm32 9.0.1/armtools/bin/../lib/gcc/arm-atollic-eabi/6.3.1/../../../../arm-atollic-eabi/lib/armv6-m\libc_nano.a(lib_a-init.o)
 .debug_frame   0x00002058       0x20 c:/program files (x86)/atollic/truestudio for stm32 9.0.1/armtools/bin/../lib/gcc/arm-atollic-eabi/6.3.1/armv6-m\libgcc.a(_udivsi3.o)
